[31mError 3010001: Invalid name[0m
[32mName should be less than 13 characters and only contains the following symbol .12345abcdefghijklmnopqrstuvwxyz[0m
[33mError Details:
Name not properly normalized (name: 0, normalized: ) 
{"type":"name","var":"0"}
{"type":"checkstate","var":["games","0"]}
{"type":"checkstate","var":["games","0"]}[0m
Stack Trace:
name.cpp:15 set
abi_serializer.cpp:496 _variant_to_binary
abi_serializer.cpp:496 _variant_to_binary
abi_serializer.cpp:510 _variant_to_binary
