{
  "rows": [{
      "game_id": 0,
      "last_eval_player": "",
      "deadline": 0,
      "wager_pool": "0.0000 SYS",
      "is_active": 0,
      "clear_winners": [
        "foo"
      ]
    },{
      "game_id": 1,
      "last_eval_player": "",
      "deadline": 1575599791,
      "wager_pool": "30.0000 VT",
      "is_active": 1,
      "clear_winners": [
        "player1",
        "player2",
        "player3"
      ]
    }
  ],
  "more": false,
  "next_key": ""
}
